Archive member included to satisfy reference by file (symbol)

/usr/lib/gcc/arm-none-eabi/10.3.1/thumb/v6-m/nofp/libgcc.a(_udivsi3.o)
                              include/system_MKL46Z4.o (__aeabi_uidiv)
/usr/lib/gcc/arm-none-eabi/10.3.1/thumb/v6-m/nofp/libgcc.a(_divsi3.o)
                              utilities/fsl_str.o (__aeabi_idiv)
/usr/lib/gcc/arm-none-eabi/10.3.1/thumb/v6-m/nofp/libgcc.a(_dvmd_tls.o)
                              /usr/lib/gcc/arm-none-eabi/10.3.1/thumb/v6-m/nofp/libgcc.a(_udivsi3.o) (__aeabi_idiv0)
/usr/lib/gcc/arm-none-eabi/10.3.1/../../../arm-none-eabi/lib/thumb/v6-m/nofp/libc.a(lib_a-atexit.o)
                              /usr/lib/gcc/arm-none-eabi/10.3.1/../../../arm-none-eabi/lib/thumb/v6-m/nofp/crt0.o (atexit)
/usr/lib/gcc/arm-none-eabi/10.3.1/../../../arm-none-eabi/lib/thumb/v6-m/nofp/libc.a(lib_a-exit.o)
                              /usr/lib/gcc/arm-none-eabi/10.3.1/../../../arm-none-eabi/lib/thumb/v6-m/nofp/crt0.o (exit)
/usr/lib/gcc/arm-none-eabi/10.3.1/../../../arm-none-eabi/lib/thumb/v6-m/nofp/libc.a(lib_a-fini.o)
                              /usr/lib/gcc/arm-none-eabi/10.3.1/../../../arm-none-eabi/lib/thumb/v6-m/nofp/crt0.o (__libc_fini_array)
/usr/lib/gcc/arm-none-eabi/10.3.1/../../../arm-none-eabi/lib/thumb/v6-m/nofp/libc.a(lib_a-impure.o)
                              /usr/lib/gcc/arm-none-eabi/10.3.1/../../../arm-none-eabi/lib/thumb/v6-m/nofp/libc.a(lib_a-exit.o) (_global_impure_ptr)
/usr/lib/gcc/arm-none-eabi/10.3.1/../../../arm-none-eabi/lib/thumb/v6-m/nofp/libc.a(lib_a-init.o)
                              /usr/lib/gcc/arm-none-eabi/10.3.1/../../../arm-none-eabi/lib/thumb/v6-m/nofp/crt0.o (__libc_init_array)
/usr/lib/gcc/arm-none-eabi/10.3.1/../../../arm-none-eabi/lib/thumb/v6-m/nofp/libc.a(lib_a-malloc.o)
                              drivers/fsl_common.o (malloc)
/usr/lib/gcc/arm-none-eabi/10.3.1/../../../arm-none-eabi/lib/thumb/v6-m/nofp/libc.a(lib_a-mallocr.o)
                              /usr/lib/gcc/arm-none-eabi/10.3.1/../../../arm-none-eabi/lib/thumb/v6-m/nofp/libc.a(lib_a-malloc.o) (_malloc_r)
/usr/lib/gcc/arm-none-eabi/10.3.1/../../../arm-none-eabi/lib/thumb/v6-m/nofp/libc.a(lib_a-memcpy-stub.o)
                              drivers/fsl_ftfx_cache.o (memcpy)
/usr/lib/gcc/arm-none-eabi/10.3.1/../../../arm-none-eabi/lib/thumb/v6-m/nofp/libc.a(lib_a-memset.o)
                              /usr/lib/gcc/arm-none-eabi/10.3.1/../../../arm-none-eabi/lib/thumb/v6-m/nofp/crt0.o (memset)
/usr/lib/gcc/arm-none-eabi/10.3.1/../../../arm-none-eabi/lib/thumb/v6-m/nofp/libc.a(lib_a-mlock.o)
                              /usr/lib/gcc/arm-none-eabi/10.3.1/../../../arm-none-eabi/lib/thumb/v6-m/nofp/libc.a(lib_a-mallocr.o) (__malloc_lock)
/usr/lib/gcc/arm-none-eabi/10.3.1/../../../arm-none-eabi/lib/thumb/v6-m/nofp/libc.a(lib_a-sbrkr.o)
                              /usr/lib/gcc/arm-none-eabi/10.3.1/../../../arm-none-eabi/lib/thumb/v6-m/nofp/libc.a(lib_a-mallocr.o) (_sbrk_r)
/usr/lib/gcc/arm-none-eabi/10.3.1/../../../arm-none-eabi/lib/thumb/v6-m/nofp/libc.a(lib_a-strlen-stub.o)
                              utilities/fsl_str.o (strlen)
/usr/lib/gcc/arm-none-eabi/10.3.1/../../../arm-none-eabi/lib/thumb/v6-m/nofp/libc.a(lib_a-__atexit.o)
                              /usr/lib/gcc/arm-none-eabi/10.3.1/../../../arm-none-eabi/lib/thumb/v6-m/nofp/libc.a(lib_a-atexit.o) (__register_exitproc)
/usr/lib/gcc/arm-none-eabi/10.3.1/../../../arm-none-eabi/lib/thumb/v6-m/nofp/libc.a(lib_a-__call_atexit.o)
                              /usr/lib/gcc/arm-none-eabi/10.3.1/../../../arm-none-eabi/lib/thumb/v6-m/nofp/libc.a(lib_a-exit.o) (__call_exitprocs)
/usr/lib/gcc/arm-none-eabi/10.3.1/../../../arm-none-eabi/lib/thumb/v6-m/nofp/libc.a(lib_a-freer.o)
                              /usr/lib/gcc/arm-none-eabi/10.3.1/../../../arm-none-eabi/lib/thumb/v6-m/nofp/libc.a(lib_a-malloc.o) (_free_r)
/usr/lib/gcc/arm-none-eabi/10.3.1/../../../arm-none-eabi/lib/thumb/v6-m/nofp/libc.a(lib_a-reent.o)
                              /usr/lib/gcc/arm-none-eabi/10.3.1/../../../arm-none-eabi/lib/thumb/v6-m/nofp/libc.a(lib_a-sbrkr.o) (errno)
/usr/lib/gcc/arm-none-eabi/10.3.1/../../../arm-none-eabi/lib/thumb/v6-m/nofp/libnosys.a(sbrk.o)
                              /usr/lib/gcc/arm-none-eabi/10.3.1/../../../arm-none-eabi/lib/thumb/v6-m/nofp/libc.a(lib_a-sbrkr.o) (_sbrk)
/usr/lib/gcc/arm-none-eabi/10.3.1/../../../arm-none-eabi/lib/thumb/v6-m/nofp/libnosys.a(_exit.o)
                              /usr/lib/gcc/arm-none-eabi/10.3.1/../../../arm-none-eabi/lib/thumb/v6-m/nofp/libc.a(lib_a-exit.o) (_exit)

Discarded input sections

 .text          0x0000000000000000        0x0 /usr/lib/gcc/arm-none-eabi/10.3.1/thumb/v6-m/nofp/crti.o
 .data          0x0000000000000000        0x0 /usr/lib/gcc/arm-none-eabi/10.3.1/thumb/v6-m/nofp/crti.o
 .bss           0x0000000000000000        0x0 /usr/lib/gcc/arm-none-eabi/10.3.1/thumb/v6-m/nofp/crti.o
[...]
Memory Configuration

Name             Origin             Length             Attributes
m_interrupts     0x0000000000000000 0x0000000000000200 xr
m_flash_config   0x0000000000000400 0x0000000000000010 xr
m_text           0x0000000000000410 0x000000000003fbf0 xr
m_data           0x000000001fffe000 0x0000000000008000 rw
*default*        0x0000000000000000 0xffffffffffffffff

Linker script and memory map

LOAD /usr/lib/gcc/arm-none-eabi/10.3.1/thumb/v6-m/nofp/crti.o
LOAD /usr/lib/gcc/arm-none-eabi/10.3.1/thumb/v6-m/nofp/crtbegin.o
LOAD /usr/lib/gcc/arm-none-eabi/10.3.1/../../../arm-none-eabi/lib/thumb/v6-m/nofp/crt0.o
                0x0000000000000400                HEAP_SIZE = DEFINED (__heap_size__)?__heap_size__:0x400
                0x0000000000000400                STACK_SIZE = DEFINED (__stack_size__)?__stack_size__:0x400

.interrupts     0x0000000000000000       0xc0
                0x0000000000000000                . = ALIGN (0x4)
 *(.isr_vector)
 .isr_vector    0x0000000000000000       0xc0 startup_MKL46Z4.o
                0x0000000000000000                __isr_vector
                0x00000000000000c0                . = ALIGN (0x4)

.flash_config   0x0000000000000400       0x10
                0x0000000000000400                . = ALIGN (0x4)
 *(.FlashConfig)
 .FlashConfig   0x0000000000000400       0x10 startup_MKL46Z4.o
                0x0000000000000410                . = ALIGN (0x4)

.text           0x0000000000000410     0x4f38
                0x0000000000000410                . = ALIGN (0x4)
 *(.text)
 .text          0x0000000000000410       0x98 /usr/lib/gcc/arm-none-eabi/10.3.1/thumb/v6-m/nofp/crtbegin.o
 .text          0x00000000000004a8       0x74 /usr/lib/gcc/arm-none-eabi/10.3.1/../../../arm-none-eabi/lib/thumb/v6-m/nofp/crt0.o
                0x00000000000004a8                _stack_init
                0x00000000000004b4                _mainCRTStartup
                0x00000000000004b4                _start
 .text          0x000000000000051c      0x37c main.o
                0x000000000000062c                led_green_init
                0x0000000000000674                led_red_init
                0x00000000000006c0                button1_init
                0x0000000000000704                button2_init
                0x000000000000074c                PORTC_PORTD_IRQHandler
                0x00000000000007cc                update_leds
                0x0000000000000840                main
 .text          0x0000000000000898       0xd8 startup_MKL46Z4.o
                0x0000000000000898                Reset_Handler
                0x00000000000008e0                DMA0_DriverIRQHandler
                0x00000000000008e0                SPI1_DriverIRQHandler
                0x00000000000008e0                I2S0_DriverIRQHandler
                0x00000000000008e0                TPM0_IRQHandler
                0x00000000000008e0                LLWU_IRQHandler
                0x00000000000008e0                TSI0_IRQHandler
                0x00000000000008e0                ADC0_IRQHandler
                0x00000000000008e0                DefaultISR
                0x00000000000008e0                TPM2_IRQHandler
                0x00000000000008e0                RTC_IRQHandler
                0x00000000000008e0                LCD_IRQHandler
                0x00000000000008e0                DMA3_DriverIRQHandler
                0x00000000000008e0                RTC_Seconds_IRQHandler
                0x00000000000008e0                MCG_IRQHandler
                0x00000000000008e0                Reserved20_IRQHandler
                0x00000000000008e0                USB0_IRQHandler
                0x00000000000008e0                PIT_IRQHandler
                0x00000000000008e0                DMA1_DriverIRQHandler
                0x00000000000008e0                I2C1_DriverIRQHandler
                0x00000000000008e0                DAC0_IRQHandler
                0x00000000000008e0                SPI0_DriverIRQHandler
                0x00000000000008e0                TPM1_IRQHandler
                0x00000000000008e0                LVD_LVW_IRQHandler
                0x00000000000008e0                PORTA_IRQHandler
                0x00000000000008e0                FTFA_IRQHandler
                0x00000000000008e0                LPTMR0_IRQHandler
                0x00000000000008e0                DMA2_DriverIRQHandler
                0x00000000000008e0                I2C0_DriverIRQHandler
                0x00000000000008e0                CMP0_IRQHandler
                0x00000000000008e4                NMI_Handler
                0x00000000000008e8                HardFault_Handler
                0x00000000000008ec                SVC_Handler
                0x00000000000008f0                PendSV_Handler
                0x00000000000008f4                SysTick_Handler
                0x00000000000008f8                DMA0_IRQHandler
                0x00000000000008fc                DMA1_IRQHandler
                0x0000000000000900                DMA2_IRQHandler
                0x0000000000000904                DMA3_IRQHandler
                0x0000000000000908                I2C0_IRQHandler
                0x000000000000090c                I2C1_IRQHandler
                0x0000000000000910                SPI0_IRQHandler
                0x0000000000000914                SPI1_IRQHandler
                0x0000000000000918                UART0_IRQHandler
                0x000000000000091c                UART1_IRQHandler
                0x0000000000000920                UART2_IRQHandler
                0x0000000000000924                I2S0_IRQHandler
 .text          0x0000000000000970      0x274 include/system_MKL46Z4.o
                0x0000000000000970                SystemInit
                0x000000000000098c                SystemCoreClockUpdate
                0x0000000000000bd8                SystemInitHook
 .text          0x0000000000000be4     0x147c drivers/fsl_lpsci.o
                0x0000000000000cb4                LPSCI_GetInstance
                0x0000000000000d08                LPSCI_TransferGetRxRingBufferLength
                0x0000000000000e7c                LPSCI_Init
                0x00000000000010fc                LPSCI_Deinit
                0x0000000000001130                LPSCI_GetDefaultConfig
                0x0000000000001188                LPSCI_SetBaudRate
                0x0000000000001340                LPSCI_EnableInterrupts
                0x0000000000001398                LPSCI_DisableInterrupts
                0x00000000000013fc                LPSCI_GetEnabledInterrupts
                0x0000000000001434                LPSCI_GetStatusFlags
                0x000000000000145a                LPSCI_ClearStatusFlags
                0x00000000000014f0                LPSCI_WriteBlocking
                0x000000000000154c                LPSCI_ReadBlocking
                0x000000000000161c                LPSCI_TransferCreateHandle
                0x00000000000016ac                LPSCI_TransferStartRingBuffer
                0x0000000000001744                LPSCI_TransferStopRingBuffer
                0x00000000000017c8                LPSCI_TransferSendNonBlocking
                0x0000000000001898                LPSCI_TransferAbortSend
                0x00000000000018e8                LPSCI_TransferGetSendCount
                0x0000000000001958                LPSCI_TransferReceiveNonBlocking
                0x0000000000001b50                LPSCI_TransferAbortReceive
                0x0000000000001bc8                LPSCI_TransferGetReceiveCount
                0x0000000000001c38                LPSCI_TransferHandleIRQ
                0x0000000000002028                LPSCI_TransferHandleErrorIRQ
                0x000000000000203a                UART0_DriverIRQHandler
 .text          0x0000000000002060     0x13bc drivers/fsl_uart.o
                0x0000000000002130                UART_GetInstance
                0x0000000000002190                UART_TransferGetRxRingBufferLength
                0x0000000000002258                UART_Init
                0x0000000000002460                UART_Deinit
                0x00000000000024a0                UART_GetDefaultConfig
                0x00000000000024f8                UART_SetBaudRate
                0x0000000000002628                UART_EnableInterrupts
                0x0000000000002680                UART_DisableInterrupts
                0x00000000000026e4                UART_GetEnabledInterrupts
                0x000000000000271c                UART_GetStatusFlags
                0x0000000000002742                UART_ClearStatusFlags
                0x00000000000027bc                UART_WriteBlocking
                0x0000000000002850                UART_ReadBlocking
                0x0000000000002954                UART_TransferCreateHandle
                0x00000000000029f0                UART_TransferStartRingBuffer
                0x0000000000002a88                UART_TransferStopRingBuffer
                0x0000000000002b0c                UART_TransferSendNonBlocking
                0x0000000000002bdc                UART_TransferAbortSend
                0x0000000000002c2c                UART_TransferGetSendCount
                0x0000000000002c9c                UART_TransferReceiveNonBlocking
                0x0000000000002e94                UART_TransferAbortReceive
                0x0000000000002f0c                UART_TransferGetReceiveCount
                0x0000000000002f88                UART_TransferHandleIRQ
                0x00000000000033a0                UART_TransferHandleErrorIRQ
                0x00000000000033b2                UART1_DriverIRQHandler
                0x00000000000033d8                UART1_RX_TX_DriverIRQHandler
                0x00000000000033e6                UART2_DriverIRQHandler
                0x000000000000340c                UART2_RX_TX_DriverIRQHandler
 .text          0x000000000000341c       0x28 utilities/fsl_assert.o
                0x000000000000341c                __assert_func
 .text          0x0000000000003444      0x250 utilities/fsl_debug_console.o
                0x0000000000003444                DbgConsole_Init
                0x0000000000003490                DbgConsole_Deinit
                0x00000000000034a0                DbgConsole_Flush
                0x00000000000034b0                DbgConsole_Printf
                0x0000000000003538                DbgConsole_Putchar
                0x0000000000003554                DbgConsole_Scanf
                0x000000000000359e                DbgConsole_Getchar
                0x0000000000003624                _write
                0x0000000000003664                _read
 .text          0x0000000000003694      0x30c utilities/fsl_io.o
                0x0000000000003794                IO_Init
                0x0000000000003868                IO_Deinit
                0x00000000000038c0                IO_WaitIdle
                0x000000000000390c                IO_Transfer
 .text          0x00000000000039a0      0x210 utilities/fsl_log.o
                0x00000000000039a0                LOG_Init
                0x00000000000039da                LOG_Deinit
                0x00000000000039e8                LOG_WaitIdle
                0x00000000000039f8                LOG_Push
                0x0000000000003a38                LOG_Pop
                0x0000000000003a82                LOG_ReadLine
                0x0000000000003b38                LOG_ReadCharacter
 .text          0x0000000000003bb0      0x9a0 utilities/fsl_str.o
                0x0000000000003d44                StrFormatPrintf
                0x0000000000004068                StrFormatScanf
 .text          0x0000000000004550      0x114 /usr/lib/gcc/arm-none-eabi/10.3.1/thumb/v6-m/nofp/libgcc.a(_udivsi3.o)
                0x0000000000004550                __udivsi3
                0x0000000000004550                __aeabi_uidiv
                0x000000000000465c                __aeabi_uidivmod
 .text          0x0000000000004664      0x1d4 /usr/lib/gcc/arm-none-eabi/10.3.1/thumb/v6-m/nofp/libgcc.a(_divsi3.o)
                0x0000000000004664                __aeabi_idiv
                0x0000000000004664                __divsi3
                0x0000000000004830                __aeabi_idivmod
 .text          0x0000000000004838        0x4 /usr/lib/gcc/arm-none-eabi/10.3.1/thumb/v6-m/nofp/libgcc.a(_dvmd_tls.o)
                0x0000000000004838                __aeabi_ldiv0
                0x0000000000004838                __aeabi_idiv0
 .text          0x000000000000483c       0x10 /usr/lib/gcc/arm-none-eabi/10.3.1/../../../arm-none-eabi/lib/thumb/v6-m/nofp/libc.a(lib_a-atexit.o)
                0x000000000000483c                atexit
 .text          0x000000000000484c       0x20 /usr/lib/gcc/arm-none-eabi/10.3.1/../../../arm-none-eabi/lib/thumb/v6-m/nofp/libc.a(lib_a-exit.o)
                0x000000000000484c                exit
 .text          0x000000000000486c       0x28 /usr/lib/gcc/arm-none-eabi/10.3.1/../../../arm-none-eabi/lib/thumb/v6-m/nofp/libc.a(lib_a-fini.o)
                0x000000000000486c                __libc_fini_array
 .text          0x0000000000004894       0x44 /usr/lib/gcc/arm-none-eabi/10.3.1/../../../arm-none-eabi/lib/thumb/v6-m/nofp/libc.a(lib_a-init.o)
                0x0000000000004894                __libc_init_array
 .text          0x00000000000048d8       0xa8 /usr/lib/gcc/arm-none-eabi/10.3.1/../../../arm-none-eabi/lib/thumb/v6-m/nofp/libc.a(lib_a-memset.o)
                0x00000000000048d8                memset
 .text          0x0000000000004980       0x5c /usr/lib/gcc/arm-none-eabi/10.3.1/../../../arm-none-eabi/lib/thumb/v6-m/nofp/libc.a(lib_a-strlen-stub.o)
                0x0000000000004980                strlen
 .text          0x00000000000049dc       0x88 /usr/lib/gcc/arm-none-eabi/10.3.1/../../../arm-none-eabi/lib/thumb/v6-m/nofp/libc.a(lib_a-__atexit.o)
                0x00000000000049dc                __register_exitproc
 .text          0x0000000000004a64       0xe0 /usr/lib/gcc/arm-none-eabi/10.3.1/../../../arm-none-eabi/lib/thumb/v6-m/nofp/libc.a(lib_a-__call_atexit.o)
                0x0000000000004a64                __call_exitprocs
 .text          0x0000000000004b44        0x4 /usr/lib/gcc/arm-none-eabi/10.3.1/../../../arm-none-eabi/lib/thumb/v6-m/nofp/libnosys.a(_exit.o)
                0x0000000000004b44                _exit
 *(.text*)
 .text.startup  0x0000000000004b48       0x18 /usr/lib/gcc/arm-none-eabi/10.3.1/../../../arm-none-eabi/lib/thumb/v6-m/nofp/libc.a(lib_a-__call_atexit.o)
 *(.rodata)
 .rodata        0x0000000000004b60      0x2d0 drivers/fsl_lpsci.o
 .rodata        0x0000000000004e30      0x2b7 drivers/fsl_uart.o
 *fill*         0x00000000000050e7        0x1 
 .rodata        0x00000000000050e8       0x3e utilities/fsl_assert.o
 *fill*         0x0000000000005126        0x2 
 .rodata        0x0000000000005128       0x5c utilities/fsl_debug_console.o
 .rodata        0x0000000000005184       0x28 utilities/fsl_io.o
 .rodata        0x00000000000051ac       0x5a utilities/fsl_log.o
 *fill*         0x0000000000005206        0x2 
 .rodata        0x0000000000005208      0x124 utilities/fsl_str.o
 .rodata        0x000000000000532c        0x4 /usr/lib/gcc/arm-none-eabi/10.3.1/../../../arm-none-eabi/lib/thumb/v6-m/nofp/libc.a(lib_a-impure.o)
                0x000000000000532c                _global_impure_ptr
 *(.rodata*)
 *(.glue_7)
 .glue_7        0x0000000000005330        0x0 linker stubs
 *(.glue_7t)
 .glue_7t       0x0000000000005330        0x0 linker stubs
 *(.eh_frame)
 .eh_frame      0x0000000000005330        0x0 /usr/lib/gcc/arm-none-eabi/10.3.1/thumb/v6-m/nofp/crtbegin.o
 *(.init)
 .init          0x0000000000005330        0x4 /usr/lib/gcc/arm-none-eabi/10.3.1/thumb/v6-m/nofp/crti.o
                0x0000000000005330                _init
 .init          0x0000000000005334        0x8 /usr/lib/gcc/arm-none-eabi/10.3.1/thumb/v6-m/nofp/crtn.o
 *(.fini)
 .fini          0x000000000000533c        0x4 /usr/lib/gcc/arm-none-eabi/10.3.1/thumb/v6-m/nofp/crti.o
                0x000000000000533c                _fini
 .fini          0x0000000000005340        0x8 /usr/lib/gcc/arm-none-eabi/10.3.1/thumb/v6-m/nofp/crtn.o
                0x0000000000005348                . = ALIGN (0x4)

.vfp11_veneer   0x0000000000005348        0x0
 .vfp11_veneer  0x0000000000005348        0x0 linker stubs

.v4_bx          0x0000000000005348        0x0
 .v4_bx         0x0000000000005348        0x0 linker stubs

.iplt           0x0000000000005348        0x0
 .iplt          0x0000000000005348        0x0 /usr/lib/gcc/arm-none-eabi/10.3.1/thumb/v6-m/nofp/crtbegin.o

.ARM.extab
 *(.ARM.extab* .gnu.linkonce.armextab.*)

.ARM            0x0000000000005348        0x8
                0x0000000000005348                __exidx_start = .
 *(.ARM.exidx*)
 .ARM.exidx     0x0000000000005348        0x8 /usr/lib/gcc/arm-none-eabi/10.3.1/../../../arm-none-eabi/lib/thumb/v6-m/nofp/crt0.o
                                         0x10 (size before relaxing)
                0x0000000000005350                __exidx_end = .

.rel.dyn        0x0000000000005350        0x0
 .rel.iplt      0x0000000000005350        0x0 /usr/lib/gcc/arm-none-eabi/10.3.1/thumb/v6-m/nofp/crtbegin.o

.ctors          0x0000000000005350        0x0
                0x0000000000005350                __CTOR_LIST__ = .
 *crtbegin.o(.ctors)
 *crtbegin?.o(.ctors)
 *(EXCLUDE_FILE(*crtend.o *crtend?.o) .ctors)
 *(SORT_BY_NAME(.ctors.*))
 *(.ctors)
                0x0000000000005350                __CTOR_END__ = .

.dtors          0x0000000000005350        0x0
                0x0000000000005350                __DTOR_LIST__ = .
 *crtbegin.o(.dtors)
 *crtbegin?.o(.dtors)
 *(EXCLUDE_FILE(*crtend.o *crtend?.o) .dtors)
 *(SORT_BY_NAME(.dtors.*))
 *(.dtors)
                0x0000000000005350                __DTOR_END__ = .

.preinit_array  0x0000000000005350        0x0
                0x0000000000005350                PROVIDE (__preinit_array_start = .)
 *(.preinit_array*)
                0x0000000000005350                PROVIDE (__preinit_array_end = .)

.init_array     0x0000000000005350        0x8
                0x0000000000005350                PROVIDE (__init_array_start = .)
 *(SORT_BY_NAME(.init_array.*))
 .init_array.00000
                0x0000000000005350        0x4 /usr/lib/gcc/arm-none-eabi/10.3.1/../../../arm-none-eabi/lib/thumb/v6-m/nofp/libc.a(lib_a-__call_atexit.o)
 *(.init_array*)
 .init_array    0x0000000000005354        0x4 /usr/lib/gcc/arm-none-eabi/10.3.1/thumb/v6-m/nofp/crtbegin.o
                0x0000000000005358                PROVIDE (__init_array_end = .)

.fini_array     0x0000000000005358        0x4
                0x0000000000005358                PROVIDE (__fini_array_start = .)
 *(SORT_BY_NAME(.fini_array.*))
 *(.fini_array*)
 .fini_array    0x0000000000005358        0x4 /usr/lib/gcc/arm-none-eabi/10.3.1/thumb/v6-m/nofp/crtbegin.o
                0x000000000000535c                PROVIDE (__fini_array_end = .)
                0x000000000000535c                __etext = .
                0x000000000000535c                __DATA_ROM = .

.mtb            0x000000001fffe000        0x0
                0x000000001fffe000                . = ALIGN (0x8)
                0x000000001fffe000                _mtb_start = .
 *(.mtb_buf)
                0x000000001fffe000                . = ALIGN (0x8)
                0x000000001fffe000                _mtb_end = .

.data           0x000000001fffe000      0x438 load address 0x000000000000535c
                0x000000001fffe000                . = ALIGN (0x4)
                0x000000001fffe000                __DATA_RAM = .
                0x000000001fffe000                __data_start__ = .
 *(.data)
 .data          0x000000001fffe000        0x4 include/system_MKL46Z4.o
                0x000000001fffe000                SystemCoreClock
 *fill*         0x000000001fffe004        0x4 
 .data          0x000000001fffe008      0x430 /usr/lib/gcc/arm-none-eabi/10.3.1/../../../arm-none-eabi/lib/thumb/v6-m/nofp/libc.a(lib_a-impure.o)
                0x000000001fffe008                _impure_ptr
 *(.data*)
 *(.jcr*)
                0x000000001fffe438                . = ALIGN (0x4)
                0x000000001fffe438                __data_end__ = .
                0x0000000000005794                __DATA_END = (__DATA_ROM + (__data_end__ - __data_start__))
                0x0000000000040000                text_end = (ORIGIN (m_text) + LENGTH (m_text))
                0x0000000000000001                ASSERT ((__DATA_END <= text_end), region m_text overflowed with text and data)

.tm_clone_table
                0x000000001fffe438        0x0 load address 0x0000000000005794
 .tm_clone_table
                0x000000001fffe438        0x0 /usr/lib/gcc/arm-none-eabi/10.3.1/thumb/v6-m/nofp/crtbegin.o
 .tm_clone_table
                0x000000001fffe438        0x0 /usr/lib/gcc/arm-none-eabi/10.3.1/thumb/v6-m/nofp/crtend.o

.igot.plt       0x000000001fffe438        0x0 load address 0x0000000000005794
 .igot.plt      0x000000001fffe438        0x0 /usr/lib/gcc/arm-none-eabi/10.3.1/thumb/v6-m/nofp/crtbegin.o

.bss            0x000000001fffe438       0x44 load address 0x0000000000005794
                0x000000001fffe438                . = ALIGN (0x4)
                0x000000001fffe438                __START_BSS = .
                0x000000001fffe438                __bss_start__ = .
 *(.bss)
 .bss           0x000000001fffe438       0x1c /usr/lib/gcc/arm-none-eabi/10.3.1/thumb/v6-m/nofp/crtbegin.o
 .bss           0x000000001fffe454        0x8 main.o
                0x000000001fffe454                Door1_state
                0x000000001fffe458                Door2_state
 .bss           0x000000001fffe45c        0x8 drivers/fsl_lpsci.o
 .bss           0x000000001fffe464       0x10 drivers/fsl_uart.o
 .bss           0x000000001fffe474        0x8 utilities/fsl_io.o
 *(.bss*)
 *(COMMON)
                0x000000001fffe47c                . = ALIGN (0x4)
                0x000000001fffe47c                __bss_end__ = .
                0x000000001fffe47c                __END_BSS = .

.heap           0x000000001fffe47c      0x404 load address 0x00000000000057d8
                0x000000001fffe480                . = ALIGN (0x8)
 *fill*         0x000000001fffe47c        0x4 
                0x000000001fffe480                __end__ = .
                0x000000001fffe480                PROVIDE (end = .)
                0x000000001fffe480                __HeapBase = .
                0x000000001fffe880                . = (. + HEAP_SIZE)
 *fill*         0x000000001fffe480      0x400 
                0x000000001fffe880                __HeapLimit = .
                0x000000001fffe880                __heap_limit = .

.stack          0x000000001fffe880      0x400 load address 0x0000000000005bdc
                0x000000001fffe880                . = ALIGN (0x8)
                0x000000001fffec80                . = (. + STACK_SIZE)
 *fill*         0x000000001fffe880      0x400 
                0x0000000020006000                __StackTop = (ORIGIN (m_data) + LENGTH (m_data))
                0x0000000020005c00                __StackLimit = (__StackTop - STACK_SIZE)
                0x0000000020006000                PROVIDE (__stack = __StackTop)

.ARM.attributes
                0x0000000000000000       0x28
 *(.ARM.attributes)
 .ARM.attributes
                0x0000000000000000       0x1e /usr/lib/gcc/arm-none-eabi/10.3.1/thumb/v6-m/nofp/crti.o
 .ARM.attributes
                0x000000000000001e       0x2c /usr/lib/gcc/arm-none-eabi/10.3.1/thumb/v6-m/nofp/crtbegin.o
 .ARM.attributes
                0x000000000000004a       0x1b /usr/lib/gcc/arm-none-eabi/10.3.1/../../../arm-none-eabi/lib/thumb/v6-m/nofp/crt0.o
 .ARM.attributes
                0x0000000000000065       0x2c main.o
 .ARM.attributes
                0x0000000000000091       0x1b startup_MKL46Z4.o
 .ARM.attributes
                0x00000000000000ac       0x2c include/system_MKL46Z4.o
 .ARM.attributes
                0x00000000000000d8       0x2c drivers/fsl_lpsci.o
 .ARM.attributes
                0x0000000000000104       0x2c drivers/fsl_uart.o
 .ARM.attributes
                0x0000000000000130       0x2c utilities/fsl_assert.o
 .ARM.attributes
                0x000000000000015c       0x2c utilities/fsl_debug_console.o
 .ARM.attributes
                0x0000000000000188       0x2c utilities/fsl_io.o
 .ARM.attributes
                0x00000000000001b4       0x2c utilities/fsl_log.o
 .ARM.attributes
                0x00000000000001e0       0x2c utilities/fsl_str.o
 .ARM.attributes
                0x000000000000020c       0x1e /usr/lib/gcc/arm-none-eabi/10.3.1/thumb/v6-m/nofp/libgcc.a(_udivsi3.o)
 .ARM.attributes
                0x000000000000022a       0x1e /usr/lib/gcc/arm-none-eabi/10.3.1/thumb/v6-m/nofp/libgcc.a(_divsi3.o)
 .ARM.attributes
                0x0000000000000248       0x1e /usr/lib/gcc/arm-none-eabi/10.3.1/thumb/v6-m/nofp/libgcc.a(_dvmd_tls.o)
 .ARM.attributes
                0x0000000000000266       0x2c /usr/lib/gcc/arm-none-eabi/10.3.1/../../../arm-none-eabi/lib/thumb/v6-m/nofp/libc.a(lib_a-atexit.o)
 .ARM.attributes
                0x0000000000000292       0x2c /usr/lib/gcc/arm-none-eabi/10.3.1/../../../arm-none-eabi/lib/thumb/v6-m/nofp/libc.a(lib_a-exit.o)
 .ARM.attributes
                0x00000000000002be       0x2c /usr/lib/gcc/arm-none-eabi/10.3.1/../../../arm-none-eabi/lib/thumb/v6-m/nofp/libc.a(lib_a-fini.o)
 .ARM.attributes
                0x00000000000002ea       0x2c /usr/lib/gcc/arm-none-eabi/10.3.1/../../../arm-none-eabi/lib/thumb/v6-m/nofp/libc.a(lib_a-impure.o)
 .ARM.attributes
                0x0000000000000316       0x2c /usr/lib/gcc/arm-none-eabi/10.3.1/../../../arm-none-eabi/lib/thumb/v6-m/nofp/libc.a(lib_a-init.o)
 .ARM.attributes
                0x0000000000000342       0x2c /usr/lib/gcc/arm-none-eabi/10.3.1/../../../arm-none-eabi/lib/thumb/v6-m/nofp/libc.a(lib_a-memset.o)
 .ARM.attributes
                0x000000000000036e       0x2c /usr/lib/gcc/arm-none-eabi/10.3.1/../../../arm-none-eabi/lib/thumb/v6-m/nofp/libc.a(lib_a-strlen-stub.o)
 .ARM.attributes
                0x000000000000039a       0x2c /usr/lib/gcc/arm-none-eabi/10.3.1/../../../arm-none-eabi/lib/thumb/v6-m/nofp/libc.a(lib_a-__atexit.o)
 .ARM.attributes
                0x00000000000003c6       0x2c /usr/lib/gcc/arm-none-eabi/10.3.1/../../../arm-none-eabi/lib/thumb/v6-m/nofp/libc.a(lib_a-__call_atexit.o)
 .ARM.attributes
                0x00000000000003f2       0x2c /usr/lib/gcc/arm-none-eabi/10.3.1/../../../arm-none-eabi/lib/thumb/v6-m/nofp/libnosys.a(_exit.o)
 .ARM.attributes
                0x000000000000041e       0x2c /usr/lib/gcc/arm-none-eabi/10.3.1/thumb/v6-m/nofp/crtend.o
 .ARM.attributes
                0x000000000000044a       0x1e /usr/lib/gcc/arm-none-eabi/10.3.1/thumb/v6-m/nofp/crtn.o
                0x0000000000000001                ASSERT ((__StackLimit >= __HeapLimit), region m_data overflowed with stack and heap)
LOAD main.o
LOAD startup_MKL46Z4.o
LOAD BOARD/board.o
LOAD BOARD/clock_config.o
LOAD BOARD/pin_mux.o
LOAD include/system_MKL46Z4.o
LOAD drivers/fsl_clock.o
LOAD drivers/fsl_common.o
LOAD drivers/fsl_ftfx_cache.o
LOAD drivers/fsl_gpio.o
LOAD drivers/fsl_lpsci.o
LOAD drivers/fsl_smc.o
LOAD drivers/fsl_uart.o
LOAD utilities/fsl_assert.o
LOAD utilities/fsl_debug_console.o
LOAD utilities/fsl_io.o
LOAD utilities/fsl_log.o
LOAD utilities/fsl_str.o
START GROUP
LOAD /usr/lib/gcc/arm-none-eabi/10.3.1/thumb/v6-m/nofp/libgcc.a
LOAD /usr/lib/gcc/arm-none-eabi/10.3.1/../../../arm-none-eabi/lib/thumb/v6-m/nofp/libc.a
END GROUP
START GROUP
LOAD /usr/lib/gcc/arm-none-eabi/10.3.1/thumb/v6-m/nofp/libgcc.a
LOAD /usr/lib/gcc/arm-none-eabi/10.3.1/../../../arm-none-eabi/lib/thumb/v6-m/nofp/libc.a
LOAD /usr/lib/gcc/arm-none-eabi/10.3.1/../../../arm-none-eabi/lib/thumb/v6-m/nofp/libnosys.a
END GROUP
LOAD /usr/lib/gcc/arm-none-eabi/10.3.1/thumb/v6-m/nofp/crtend.o
LOAD /usr/lib/gcc/arm-none-eabi/10.3.1/thumb/v6-m/nofp/crtn.o
OUTPUT(exam.elf elf32-littlearm)
LOAD linker stubs

.comment        0x0000000000000000       0x33
 .comment       0x0000000000000000       0x33 /usr/lib/gcc/arm-none-eabi/10.3.1/thumb/v6-m/nofp/crtbegin.o
                                         0x34 (size before relaxing)
 .comment       0x0000000000000033       0x34 main.o
 .comment       0x0000000000000033       0x34 include/system_MKL46Z4.o
 .comment       0x0000000000000033       0x34 drivers/fsl_lpsci.o
 .comment       0x0000000000000033       0x34 drivers/fsl_uart.o
 .comment       0x0000000000000033       0x34 utilities/fsl_assert.o
 .comment       0x0000000000000033       0x34 utilities/fsl_debug_console.o
 .comment       0x0000000000000033       0x34 utilities/fsl_io.o
 .comment       0x0000000000000033       0x34 utilities/fsl_log.o
 .comment       0x0000000000000033       0x34 utilities/fsl_str.o
 .comment       0x0000000000000033       0x34 /usr/lib/gcc/arm-none-eabi/10.3.1/../../../arm-none-eabi/lib/thumb/v6-m/nofp/libc.a(lib_a-atexit.o)
 .comment       0x0000000000000033       0x34 /usr/lib/gcc/arm-none-eabi/10.3.1/../../../arm-none-eabi/lib/thumb/v6-m/nofp/libc.a(lib_a-exit.o)
 .comment       0x0000000000000033       0x34 /usr/lib/gcc/arm-none-eabi/10.3.1/../../../arm-none-eabi/lib/thumb/v6-m/nofp/libc.a(lib_a-fini.o)
 .comment       0x0000000000000033       0x34 /usr/lib/gcc/arm-none-eabi/10.3.1/../../../arm-none-eabi/lib/thumb/v6-m/nofp/libc.a(lib_a-impure.o)
 .comment       0x0000000000000033       0x34 /usr/lib/gcc/arm-none-eabi/10.3.1/../../../arm-none-eabi/lib/thumb/v6-m/nofp/libc.a(lib_a-init.o)
 .comment       0x0000000000000033       0x34 /usr/lib/gcc/arm-none-eabi/10.3.1/../../../arm-none-eabi/lib/thumb/v6-m/nofp/libc.a(lib_a-memset.o)
 .comment       0x0000000000000033       0x34 /usr/lib/gcc/arm-none-eabi/10.3.1/../../../arm-none-eabi/lib/thumb/v6-m/nofp/libc.a(lib_a-strlen-stub.o)
 .comment       0x0000000000000033       0x34 /usr/lib/gcc/arm-none-eabi/10.3.1/../../../arm-none-eabi/lib/thumb/v6-m/nofp/libc.a(lib_a-__atexit.o)
 .comment       0x0000000000000033       0x34 /usr/lib/gcc/arm-none-eabi/10.3.1/../../../arm-none-eabi/lib/thumb/v6-m/nofp/libc.a(lib_a-__call_atexit.o)
 .comment       0x0000000000000033       0x34 /usr/lib/gcc/arm-none-eabi/10.3.1/../../../arm-none-eabi/lib/thumb/v6-m/nofp/libnosys.a(_exit.o)
 .comment       0x0000000000000033       0x34 /usr/lib/gcc/arm-none-eabi/10.3.1/thumb/v6-m/nofp/crtend.o

.debug_line     0x0000000000000000     0x42c6
 .debug_line    0x0000000000000000       0x8c /usr/lib/gcc/arm-none-eabi/10.3.1/../../../arm-none-eabi/lib/thumb/v6-m/nofp/crt0.o
 .debug_line    0x000000000000008c      0x247 main.o
 .debug_line    0x00000000000002d3      0x24b include/system_MKL46Z4.o
 .debug_line    0x000000000000051e      0xb7e drivers/fsl_lpsci.o
 .debug_line    0x000000000000109c      0xb54 drivers/fsl_uart.o
 .debug_line    0x0000000000001bf0      0x2cc utilities/fsl_assert.o
 .debug_line    0x0000000000001ebc      0x3f9 utilities/fsl_debug_console.o
 .debug_line    0x00000000000022b5      0x474 utilities/fsl_io.o
 .debug_line    0x0000000000002729      0x3d2 utilities/fsl_log.o
 .debug_line    0x0000000000002afb      0x948 utilities/fsl_str.o
 .debug_line    0x0000000000003443       0x6c /usr/lib/gcc/arm-none-eabi/10.3.1/thumb/v6-m/nofp/libgcc.a(_udivsi3.o)
 .debug_line    0x00000000000034af       0x73 /usr/lib/gcc/arm-none-eabi/10.3.1/thumb/v6-m/nofp/libgcc.a(_divsi3.o)
 .debug_line    0x0000000000003522       0x60 /usr/lib/gcc/arm-none-eabi/10.3.1/thumb/v6-m/nofp/libgcc.a(_dvmd_tls.o)
 .debug_line    0x0000000000003582       0xc3 /usr/lib/gcc/arm-none-eabi/10.3.1/../../../arm-none-eabi/lib/thumb/v6-m/nofp/libc.a(lib_a-atexit.o)
 .debug_line    0x0000000000003645      0x179 /usr/lib/gcc/arm-none-eabi/10.3.1/../../../arm-none-eabi/lib/thumb/v6-m/nofp/libc.a(lib_a-exit.o)
 .debug_line    0x00000000000037be       0xef /usr/lib/gcc/arm-none-eabi/10.3.1/../../../arm-none-eabi/lib/thumb/v6-m/nofp/libc.a(lib_a-fini.o)
 .debug_line    0x00000000000038ad       0xe4 /usr/lib/gcc/arm-none-eabi/10.3.1/../../../arm-none-eabi/lib/thumb/v6-m/nofp/libc.a(lib_a-impure.o)
 .debug_line    0x0000000000003991      0x127 /usr/lib/gcc/arm-none-eabi/10.3.1/../../../arm-none-eabi/lib/thumb/v6-m/nofp/libc.a(lib_a-init.o)
 .debug_line    0x0000000000003ab8      0x1ce /usr/lib/gcc/arm-none-eabi/10.3.1/../../../arm-none-eabi/lib/thumb/v6-m/nofp/libc.a(lib_a-memset.o)
 .debug_line    0x0000000000003c86      0x172 /usr/lib/gcc/arm-none-eabi/10.3.1/../../../arm-none-eabi/lib/thumb/v6-m/nofp/libc.a(lib_a-strlen-stub.o)
 .debug_line    0x0000000000003df8      0x1b8 /usr/lib/gcc/arm-none-eabi/10.3.1/../../../arm-none-eabi/lib/thumb/v6-m/nofp/libc.a(lib_a-__atexit.o)
 .debug_line    0x0000000000003fb0      0x2a1 /usr/lib/gcc/arm-none-eabi/10.3.1/../../../arm-none-eabi/lib/thumb/v6-m/nofp/libc.a(lib_a-__call_atexit.o)
 .debug_line    0x0000000000004251       0x75 /usr/lib/gcc/arm-none-eabi/10.3.1/../../../arm-none-eabi/lib/thumb/v6-m/nofp/libnosys.a(_exit.o)

.debug_info     0x0000000000000000     0x7bf2
 .debug_info    0x0000000000000000       0x26 /usr/lib/gcc/arm-none-eabi/10.3.1/../../../arm-none-eabi/lib/thumb/v6-m/nofp/crt0.o
 .debug_info    0x0000000000000026      0x747 main.o
 .debug_info    0x000000000000076d      0x40e include/system_MKL46Z4.o
 .debug_info    0x0000000000000b7b     0x16e7 drivers/fsl_lpsci.o
 .debug_info    0x0000000000002262     0x1664 drivers/fsl_uart.o
 .debug_info    0x00000000000038c6       0xd8 utilities/fsl_assert.o
 .debug_info    0x000000000000399e      0x402 utilities/fsl_debug_console.o
 .debug_info    0x0000000000003da0      0x8fd utilities/fsl_io.o
 .debug_info    0x000000000000469d      0x374 utilities/fsl_log.o
 .debug_info    0x0000000000004a11      0x505 utilities/fsl_str.o
 .debug_info    0x0000000000004f16       0x26 /usr/lib/gcc/arm-none-eabi/10.3.1/thumb/v6-m/nofp/libgcc.a(_udivsi3.o)
 .debug_info    0x0000000000004f3c       0x26 /usr/lib/gcc/arm-none-eabi/10.3.1/thumb/v6-m/nofp/libgcc.a(_divsi3.o)
 .debug_info    0x0000000000004f62       0x26 /usr/lib/gcc/arm-none-eabi/10.3.1/thumb/v6-m/nofp/libgcc.a(_dvmd_tls.o)
 .debug_info    0x0000000000004f88      0x100 /usr/lib/gcc/arm-none-eabi/10.3.1/../../../arm-none-eabi/lib/thumb/v6-m/nofp/libc.a(lib_a-atexit.o)
 .debug_info    0x0000000000005088      0x969 /usr/lib/gcc/arm-none-eabi/10.3.1/../../../arm-none-eabi/lib/thumb/v6-m/nofp/libc.a(lib_a-exit.o)
 .debug_info    0x00000000000059f1      0x102 /usr/lib/gcc/arm-none-eabi/10.3.1/../../../arm-none-eabi/lib/thumb/v6-m/nofp/libc.a(lib_a-fini.o)
 .debug_info    0x0000000000005af3      0x92a /usr/lib/gcc/arm-none-eabi/10.3.1/../../../arm-none-eabi/lib/thumb/v6-m/nofp/libc.a(lib_a-impure.o)
 .debug_info    0x000000000000641d      0x11a /usr/lib/gcc/arm-none-eabi/10.3.1/../../../arm-none-eabi/lib/thumb/v6-m/nofp/libc.a(lib_a-init.o)
 .debug_info    0x0000000000006537      0x13d /usr/lib/gcc/arm-none-eabi/10.3.1/../../../arm-none-eabi/lib/thumb/v6-m/nofp/libc.a(lib_a-memset.o)
 .debug_info    0x0000000000006674       0xee /usr/lib/gcc/arm-none-eabi/10.3.1/../../../arm-none-eabi/lib/thumb/v6-m/nofp/libc.a(lib_a-strlen-stub.o)
 .debug_info    0x0000000000006762      0x9b0 /usr/lib/gcc/arm-none-eabi/10.3.1/../../../arm-none-eabi/lib/thumb/v6-m/nofp/libc.a(lib_a-__atexit.o)
 .debug_info    0x0000000000007112      0xa3d /usr/lib/gcc/arm-none-eabi/10.3.1/../../../arm-none-eabi/lib/thumb/v6-m/nofp/libc.a(lib_a-__call_atexit.o)
 .debug_info    0x0000000000007b4f       0xa3 /usr/lib/gcc/arm-none-eabi/10.3.1/../../../arm-none-eabi/lib/thumb/v6-m/nofp/libnosys.a(_exit.o)

.debug_abbrev   0x0000000000000000     0x1ce1
 .debug_abbrev  0x0000000000000000       0x14 /usr/lib/gcc/arm-none-eabi/10.3.1/../../../arm-none-eabi/lib/thumb/v6-m/nofp/crt0.o
 .debug_abbrev  0x0000000000000014      0x1b0 main.o
 .debug_abbrev  0x00000000000001c4      0x148 include/system_MKL46Z4.o
 .debug_abbrev  0x000000000000030c      0x300 drivers/fsl_lpsci.o
 .debug_abbrev  0x000000000000060c      0x300 drivers/fsl_uart.o
 .debug_abbrev  0x000000000000090c       0x6b utilities/fsl_assert.o
 .debug_abbrev  0x0000000000000977      0x178 utilities/fsl_debug_console.o
 .debug_abbrev  0x0000000000000aef      0x1f3 utilities/fsl_io.o
 .debug_abbrev  0x0000000000000ce2      0x182 utilities/fsl_log.o
 .debug_abbrev  0x0000000000000e64      0x196 utilities/fsl_str.o
 .debug_abbrev  0x0000000000000ffa       0x14 /usr/lib/gcc/arm-none-eabi/10.3.1/thumb/v6-m/nofp/libgcc.a(_udivsi3.o)
 .debug_abbrev  0x000000000000100e       0x14 /usr/lib/gcc/arm-none-eabi/10.3.1/thumb/v6-m/nofp/libgcc.a(_divsi3.o)
 .debug_abbrev  0x0000000000001022       0x14 /usr/lib/gcc/arm-none-eabi/10.3.1/thumb/v6-m/nofp/libgcc.a(_dvmd_tls.o)
 .debug_abbrev  0x0000000000001036       0xb4 /usr/lib/gcc/arm-none-eabi/10.3.1/../../../arm-none-eabi/lib/thumb/v6-m/nofp/libc.a(lib_a-atexit.o)
 .debug_abbrev  0x00000000000010ea      0x20c /usr/lib/gcc/arm-none-eabi/10.3.1/../../../arm-none-eabi/lib/thumb/v6-m/nofp/libc.a(lib_a-exit.o)
 .debug_abbrev  0x00000000000012f6       0xcc /usr/lib/gcc/arm-none-eabi/10.3.1/../../../arm-none-eabi/lib/thumb/v6-m/nofp/libc.a(lib_a-fini.o)
 .debug_abbrev  0x00000000000013c2      0x1b8 /usr/lib/gcc/arm-none-eabi/10.3.1/../../../arm-none-eabi/lib/thumb/v6-m/nofp/libc.a(lib_a-impure.o)
 .debug_abbrev  0x000000000000157a       0xcc /usr/lib/gcc/arm-none-eabi/10.3.1/../../../arm-none-eabi/lib/thumb/v6-m/nofp/libc.a(lib_a-init.o)
 .debug_abbrev  0x0000000000001646       0xb4 /usr/lib/gcc/arm-none-eabi/10.3.1/../../../arm-none-eabi/lib/thumb/v6-m/nofp/libc.a(lib_a-memset.o)
 .debug_abbrev  0x00000000000016fa       0x8f /usr/lib/gcc/arm-none-eabi/10.3.1/../../../arm-none-eabi/lib/thumb/v6-m/nofp/libc.a(lib_a-strlen-stub.o)
 .debug_abbrev  0x0000000000001789      0x23f /usr/lib/gcc/arm-none-eabi/10.3.1/../../../arm-none-eabi/lib/thumb/v6-m/nofp/libc.a(lib_a-__atexit.o)
 .debug_abbrev  0x00000000000019c8      0x2af /usr/lib/gcc/arm-none-eabi/10.3.1/../../../arm-none-eabi/lib/thumb/v6-m/nofp/libc.a(lib_a-__call_atexit.o)
 .debug_abbrev  0x0000000000001c77       0x6a /usr/lib/gcc/arm-none-eabi/10.3.1/../../../arm-none-eabi/lib/thumb/v6-m/nofp/libnosys.a(_exit.o)

.debug_aranges  0x0000000000000000      0x2e0
 .debug_aranges
                0x0000000000000000       0x20 /usr/lib/gcc/arm-none-eabi/10.3.1/../../../arm-none-eabi/lib/thumb/v6-m/nofp/crt0.o
 .debug_aranges
                0x0000000000000020       0x20 main.o
 .debug_aranges
                0x0000000000000040       0x20 include/system_MKL46Z4.o
 .debug_aranges
                0x0000000000000060       0x20 drivers/fsl_lpsci.o
 .debug_aranges
                0x0000000000000080       0x20 drivers/fsl_uart.o
 .debug_aranges
                0x00000000000000a0       0x20 utilities/fsl_assert.o
 .debug_aranges
                0x00000000000000c0       0x20 utilities/fsl_debug_console.o
 .debug_aranges
                0x00000000000000e0       0x20 utilities/fsl_io.o
 .debug_aranges
                0x0000000000000100       0x20 utilities/fsl_log.o
 .debug_aranges
                0x0000000000000120       0x20 utilities/fsl_str.o
 .debug_aranges
                0x0000000000000140       0x20 /usr/lib/gcc/arm-none-eabi/10.3.1/thumb/v6-m/nofp/libgcc.a(_udivsi3.o)
 .debug_aranges
                0x0000000000000160       0x20 /usr/lib/gcc/arm-none-eabi/10.3.1/thumb/v6-m/nofp/libgcc.a(_divsi3.o)
 .debug_aranges
                0x0000000000000180       0x20 /usr/lib/gcc/arm-none-eabi/10.3.1/thumb/v6-m/nofp/libgcc.a(_dvmd_tls.o)
 .debug_aranges
                0x00000000000001a0       0x20 /usr/lib/gcc/arm-none-eabi/10.3.1/../../../arm-none-eabi/lib/thumb/v6-m/nofp/libc.a(lib_a-atexit.o)
 .debug_aranges
                0x00000000000001c0       0x20 /usr/lib/gcc/arm-none-eabi/10.3.1/../../../arm-none-eabi/lib/thumb/v6-m/nofp/libc.a(lib_a-exit.o)
 .debug_aranges
                0x00000000000001e0       0x20 /usr/lib/gcc/arm-none-eabi/10.3.1/../../../arm-none-eabi/lib/thumb/v6-m/nofp/libc.a(lib_a-fini.o)
 .debug_aranges
                0x0000000000000200       0x18 /usr/lib/gcc/arm-none-eabi/10.3.1/../../../arm-none-eabi/lib/thumb/v6-m/nofp/libc.a(lib_a-impure.o)
 .debug_aranges
                0x0000000000000218       0x20 /usr/lib/gcc/arm-none-eabi/10.3.1/../../../arm-none-eabi/lib/thumb/v6-m/nofp/libc.a(lib_a-init.o)
 .debug_aranges
                0x0000000000000238       0x20 /usr/lib/gcc/arm-none-eabi/10.3.1/../../../arm-none-eabi/lib/thumb/v6-m/nofp/libc.a(lib_a-memset.o)
 .debug_aranges
                0x0000000000000258       0x20 /usr/lib/gcc/arm-none-eabi/10.3.1/../../../arm-none-eabi/lib/thumb/v6-m/nofp/libc.a(lib_a-strlen-stub.o)
 .debug_aranges
                0x0000000000000278       0x20 /usr/lib/gcc/arm-none-eabi/10.3.1/../../../arm-none-eabi/lib/thumb/v6-m/nofp/libc.a(lib_a-__atexit.o)
 .debug_aranges
                0x0000000000000298       0x28 /usr/lib/gcc/arm-none-eabi/10.3.1/../../../arm-none-eabi/lib/thumb/v6-m/nofp/libc.a(lib_a-__call_atexit.o)
 .debug_aranges
                0x00000000000002c0       0x20 /usr/lib/gcc/arm-none-eabi/10.3.1/../../../arm-none-eabi/lib/thumb/v6-m/nofp/libnosys.a(_exit.o)

.debug_str      0x0000000000000000    0x4fd4a
 .debug_str     0x0000000000000000       0x94 /usr/lib/gcc/arm-none-eabi/10.3.1/../../../arm-none-eabi/lib/thumb/v6-m/nofp/crt0.o
 .debug_str     0x0000000000000094    0x41fdf main.o
                                      0x422f9 (size before relaxing)
 .debug_str     0x0000000000042073     0x6a45 include/system_MKL46Z4.o
                                      0x489cb (size before relaxing)
 .debug_str     0x0000000000048ab8     0x4d3c drivers/fsl_lpsci.o
                                      0x4d8b6 (size before relaxing)
 .debug_str     0x000000000004d7f4      0x9e6 drivers/fsl_uart.o
                                      0x4d8d3 (size before relaxing)
 .debug_str     0x000000000004e1da       0xd7 utilities/fsl_assert.o
                                      0x4c3e7 (size before relaxing)
 .debug_str     0x000000000004e2b1      0x3b9 utilities/fsl_debug_console.o
                                      0x4c8be (size before relaxing)
 .debug_str     0x000000000004e66a       0xe4 utilities/fsl_io.o
                                      0x4d157 (size before relaxing)
 .debug_str     0x000000000004e74e      0x1d5 utilities/fsl_log.o
                                      0x4c7be (size before relaxing)
 .debug_str     0x000000000004e923      0x9b8 utilities/fsl_str.o
                                      0x4d014 (size before relaxing)
 .debug_str     0x000000000004f2db       0x9a /usr/lib/gcc/arm-none-eabi/10.3.1/thumb/v6-m/nofp/libgcc.a(_udivsi3.o)
                                         0xa6 (size before relaxing)
 .debug_str     0x000000000004f375       0xa6 /usr/lib/gcc/arm-none-eabi/10.3.1/thumb/v6-m/nofp/libgcc.a(_divsi3.o)
 .debug_str     0x000000000004f375       0xa6 /usr/lib/gcc/arm-none-eabi/10.3.1/thumb/v6-m/nofp/libgcc.a(_dvmd_tls.o)
 .debug_str     0x000000000004f375      0x141 /usr/lib/gcc/arm-none-eabi/10.3.1/../../../arm-none-eabi/lib/thumb/v6-m/nofp/libc.a(lib_a-atexit.o)
                                        0x1dd (size before relaxing)
 .debug_str     0x000000000004f4b6      0x3d3 /usr/lib/gcc/arm-none-eabi/10.3.1/../../../arm-none-eabi/lib/thumb/v6-m/nofp/libc.a(lib_a-exit.o)
                                        0x584 (size before relaxing)
 .debug_str     0x000000000004f889       0xbd /usr/lib/gcc/arm-none-eabi/10.3.1/../../../arm-none-eabi/lib/thumb/v6-m/nofp/libc.a(lib_a-fini.o)
                                        0x1d5 (size before relaxing)
 .debug_str     0x000000000004f946       0x97 /usr/lib/gcc/arm-none-eabi/10.3.1/../../../arm-none-eabi/lib/thumb/v6-m/nofp/libc.a(lib_a-impure.o)
                                        0x57b (size before relaxing)
 .debug_str     0x000000000004f9dd       0x90 /usr/lib/gcc/arm-none-eabi/10.3.1/../../../arm-none-eabi/lib/thumb/v6-m/nofp/libc.a(lib_a-init.o)
                                        0x1ff (size before relaxing)
 .debug_str     0x000000000004fa6d       0xa1 /usr/lib/gcc/arm-none-eabi/10.3.1/../../../arm-none-eabi/lib/thumb/v6-m/nofp/libc.a(lib_a-memset.o)
                                        0x1b4 (size before relaxing)
 .debug_str     0x000000000004fb0e       0xa6 /usr/lib/gcc/arm-none-eabi/10.3.1/../../../arm-none-eabi/lib/thumb/v6-m/nofp/libc.a(lib_a-strlen-stub.o)
                                        0x1c5 (size before relaxing)
 .debug_str     0x000000000004fbb4       0x36 /usr/lib/gcc/arm-none-eabi/10.3.1/../../../arm-none-eabi/lib/thumb/v6-m/nofp/libc.a(lib_a-__atexit.o)
                                        0x5b5 (size before relaxing)
 .debug_str     0x000000000004fbea       0x7c /usr/lib/gcc/arm-none-eabi/10.3.1/../../../arm-none-eabi/lib/thumb/v6-m/nofp/libc.a(lib_a-__call_atexit.o)
                                        0x5e1 (size before relaxing)
 .debug_str     0x000000000004fc66       0xe4 /usr/lib/gcc/arm-none-eabi/10.3.1/../../../arm-none-eabi/lib/thumb/v6-m/nofp/libnosys.a(_exit.o)
                                        0x17a (size before relaxing)

.debug_macro    0x0000000000000000     0xad17
 .debug_macro   0x0000000000000000       0x7b main.o
 .debug_macro   0x000000000000007b      0xa42 main.o
 .debug_macro   0x0000000000000abd       0x3f main.o
 .debug_macro   0x0000000000000afc      0x34e main.o
 .debug_macro   0x0000000000000e4a       0x1c main.o
 .debug_macro   0x0000000000000e66       0x22 main.o
 .debug_macro   0x0000000000000e88       0xaf main.o
 .debug_macro   0x0000000000000f37      0x37c main.o
 .debug_macro   0x00000000000012b3       0x38 main.o
 .debug_macro   0x00000000000012eb     0x87f8 main.o
 .debug_macro   0x0000000000009ae3       0x75 include/system_MKL46Z4.o
 .debug_macro   0x0000000000009b58      0x1d9 drivers/fsl_lpsci.o
 .debug_macro   0x0000000000009d31      0x1df drivers/fsl_uart.o
 .debug_macro   0x0000000000009f10      0x1cc utilities/fsl_assert.o
 .debug_macro   0x000000000000a0dc      0x1f2 utilities/fsl_debug_console.o
 .debug_macro   0x000000000000a2ce       0x58 utilities/fsl_debug_console.o
 .debug_macro   0x000000000000a326      0x10e utilities/fsl_debug_console.o
 .debug_macro   0x000000000000a434       0x8d utilities/fsl_debug_console.o
 .debug_macro   0x000000000000a4c1       0x16 utilities/fsl_debug_console.o
 .debug_macro   0x000000000000a4d7       0x28 utilities/fsl_debug_console.o
 .debug_macro   0x000000000000a4ff       0x57 utilities/fsl_debug_console.o
 .debug_macro   0x000000000000a556      0x1f4 utilities/fsl_io.o
 .debug_macro   0x000000000000a74a       0x10 utilities/fsl_io.o
 .debug_macro   0x000000000000a75a       0x10 utilities/fsl_io.o
 .debug_macro   0x000000000000a76a      0x218 utilities/fsl_log.o
 .debug_macro   0x000000000000a982      0x1ec utilities/fsl_str.o
 .debug_macro   0x000000000000ab6e      0x1a9 utilities/fsl_str.o

.debug_frame    0x0000000000000000     0x1008
 .debug_frame   0x0000000000000000      0x118 main.o
 .debug_frame   0x0000000000000118       0x68 include/system_MKL46Z4.o
 .debug_frame   0x0000000000000180      0x414 drivers/fsl_lpsci.o
 .debug_frame   0x0000000000000594      0x464 drivers/fsl_uart.o
 .debug_frame   0x00000000000009f8       0x30 utilities/fsl_assert.o
 .debug_frame   0x0000000000000a28      0x150 utilities/fsl_debug_console.o
 .debug_frame   0x0000000000000b78      0x108 utilities/fsl_io.o
 .debug_frame   0x0000000000000c80      0x108 utilities/fsl_log.o
 .debug_frame   0x0000000000000d88       0x94 utilities/fsl_str.o
 .debug_frame   0x0000000000000e1c       0x20 /usr/lib/gcc/arm-none-eabi/10.3.1/thumb/v6-m/nofp/libgcc.a(_udivsi3.o)
 .debug_frame   0x0000000000000e3c       0x20 /usr/lib/gcc/arm-none-eabi/10.3.1/thumb/v6-m/nofp/libgcc.a(_divsi3.o)
 .debug_frame   0x0000000000000e5c       0x28 /usr/lib/gcc/arm-none-eabi/10.3.1/../../../arm-none-eabi/lib/thumb/v6-m/nofp/libc.a(lib_a-atexit.o)
 .debug_frame   0x0000000000000e84       0x28 /usr/lib/gcc/arm-none-eabi/10.3.1/../../../arm-none-eabi/lib/thumb/v6-m/nofp/libc.a(lib_a-exit.o)
 .debug_frame   0x0000000000000eac       0x2c /usr/lib/gcc/arm-none-eabi/10.3.1/../../../arm-none-eabi/lib/thumb/v6-m/nofp/libc.a(lib_a-fini.o)
 .debug_frame   0x0000000000000ed8       0x2c /usr/lib/gcc/arm-none-eabi/10.3.1/../../../arm-none-eabi/lib/thumb/v6-m/nofp/libc.a(lib_a-init.o)
 .debug_frame   0x0000000000000f04       0x30 /usr/lib/gcc/arm-none-eabi/10.3.1/../../../arm-none-eabi/lib/thumb/v6-m/nofp/libc.a(lib_a-memset.o)
 .debug_frame   0x0000000000000f34       0x28 /usr/lib/gcc/arm-none-eabi/10.3.1/../../../arm-none-eabi/lib/thumb/v6-m/nofp/libc.a(lib_a-strlen-stub.o)
 .debug_frame   0x0000000000000f5c       0x38 /usr/lib/gcc/arm-none-eabi/10.3.1/../../../arm-none-eabi/lib/thumb/v6-m/nofp/libc.a(lib_a-__atexit.o)
 .debug_frame   0x0000000000000f94       0x54 /usr/lib/gcc/arm-none-eabi/10.3.1/../../../arm-none-eabi/lib/thumb/v6-m/nofp/libc.a(lib_a-__call_atexit.o)
 .debug_frame   0x0000000000000fe8       0x20 /usr/lib/gcc/arm-none-eabi/10.3.1/../../../arm-none-eabi/lib/thumb/v6-m/nofp/libnosys.a(_exit.o)

.debug_loc      0x0000000000000000      0x807
 .debug_loc     0x0000000000000000       0x32 /usr/lib/gcc/arm-none-eabi/10.3.1/../../../arm-none-eabi/lib/thumb/v6-m/nofp/libc.a(lib_a-atexit.o)
 .debug_loc     0x0000000000000032       0x22 /usr/lib/gcc/arm-none-eabi/10.3.1/../../../arm-none-eabi/lib/thumb/v6-m/nofp/libc.a(lib_a-exit.o)
 .debug_loc     0x0000000000000054       0x46 /usr/lib/gcc/arm-none-eabi/10.3.1/../../../arm-none-eabi/lib/thumb/v6-m/nofp/libc.a(lib_a-fini.o)
 .debug_loc     0x000000000000009a       0x98 /usr/lib/gcc/arm-none-eabi/10.3.1/../../../arm-none-eabi/lib/thumb/v6-m/nofp/libc.a(lib_a-init.o)
 .debug_loc     0x0000000000000132      0x2a3 /usr/lib/gcc/arm-none-eabi/10.3.1/../../../arm-none-eabi/lib/thumb/v6-m/nofp/libc.a(lib_a-memset.o)
 .debug_loc     0x00000000000003d5       0x90 /usr/lib/gcc/arm-none-eabi/10.3.1/../../../arm-none-eabi/lib/thumb/v6-m/nofp/libc.a(lib_a-strlen-stub.o)
 .debug_loc     0x0000000000000465      0x164 /usr/lib/gcc/arm-none-eabi/10.3.1/../../../arm-none-eabi/lib/thumb/v6-m/nofp/libc.a(lib_a-__atexit.o)
 .debug_loc     0x00000000000005c9      0x229 /usr/lib/gcc/arm-none-eabi/10.3.1/../../../arm-none-eabi/lib/thumb/v6-m/nofp/libc.a(lib_a-__call_atexit.o)
 .debug_loc     0x00000000000007f2       0x15 /usr/lib/gcc/arm-none-eabi/10.3.1/../../../arm-none-eabi/lib/thumb/v6-m/nofp/libnosys.a(_exit.o)

.debug_ranges   0x0000000000000000       0x40
 .debug_ranges  0x0000000000000000       0x40 /usr/lib/gcc/arm-none-eabi/10.3.1/../../../arm-none-eabi/lib/thumb/v6-m/nofp/libc.a(lib_a-__call_atexit.o)
